V3 3
FL $XILINX/AA/XNORg/XNORg.vhd 2020/12/23.00:13:41 J.36
EN work/XNORg 1610713765 FL $XILINX/AA/XNORg/XNORg.vhd PB ieee/std_logic_1164 1177545575 \
      PB ieee/std_logic_arith 1177545576 PB ieee/STD_LOGIC_UNSIGNED 1177545583
AR work/XNORg/Behavioral 1610713766 \
      FL $XILINX/AA/XNORg/XNORg.vhd EN work/XNORg 1610713765
