V3 3
FL $XILINX/SK/ucounter/ucounter.vhd 2021/02/04.11:07:19 J.36
EN work/ucounter 1613185711 FL $XILINX/SK/ucounter/ucounter.vhd \
      PB ieee/std_logic_1164 1177545575 PB ieee/std_logic_arith 1177545576 \
      PB ieee/STD_LOGIC_UNSIGNED 1177545583
AR work/ucounter/Behavioral 1613185712 \
      FL $XILINX/SK/ucounter/ucounter.vhd EN work/ucounter 1613185711
