EN tb NULL F:/Xilinx/AA/JK_FF/tb.vhw sub00/vhpl04 1611513496
AR tb testbench_arch F:/Xilinx/AA/JK_FF/tb.vhw sub00/vhpl03 1611513497
EN jkff NULL F:/Xilinx/AA/JK_FF/JKFF.vhd sub00/vhpl00 1611513459
MO glbl NULL F:/Xilinx/verilog/src/glbl.v vlg2D/glbl.bin 1611513458
AR jkff behavioral F:/Xilinx/AA/JK_FF/JKFF.vhd sub00/vhpl01 1611513460
