EN tb NULL F:/Xilinx/SK/DF_B/tb.vhw sub00/vhpl04 1611218377
AR tb testbench_arch F:/Xilinx/SK/DF_B/tb.vhw sub00/vhpl03 1611218378
MO glbl NULL F:/Xilinx/verilog/src/glbl.v vlg2D/glbl.bin 1611218353
AR df_b behavioral F:/Xilinx/SK/DF_B/DF_B.vhd sub00/vhpl01 1611218355
EN df_b NULL F:/Xilinx/SK/DF_B/DF_B.vhd sub00/vhpl00 1611218354
