V3 3
FL $XILINX/SK/E6_L_XOR/E6_L_XOR.vhd 2021/01/06.21:17:15 J.36
EN work/E6_L_XOR 1610717982 FL $XILINX/SK/E6_L_XOR/E6_L_XOR.vhd \
      PB ieee/std_logic_1164 1177545575 PB ieee/std_logic_arith 1177545576 \
      PB ieee/STD_LOGIC_UNSIGNED 1177545583
AR work/E6_L_XOR/Behavioral 1610717983 \
      FL $XILINX/SK/E6_L_XOR/E6_L_XOR.vhd EN work/E6_L_XOR 1610717982
