V3 3
FL $XILINX/SK/SR_FF/SR_FF.vhd 2021/01/20.15:57:53 J.36
EN work/SR_FF 1611140447 FL $XILINX/SK/SR_FF/SR_FF.vhd PB ieee/std_logic_1164 1177545575 \
      PB ieee/std_logic_arith 1177545576 PB ieee/STD_LOGIC_UNSIGNED 1177545583
AR work/SR_FF/Behavioral 1611140448 \
      FL $XILINX/SK/SR_FF/SR_FF.vhd EN work/SR_FF 1611140447
